// Jest Snapshot v1, https://goo.gl/fbAQLP

exports[`components/utils/sw-internal-link should renders correctly 1`] = `
<a
  class="sw-internal-link"
>
  test internal link 
  <sw-icon-stub
    name="regular-long-arrow-right"
    small=""
  />
</a>
`;
